
> qr-attendance-client@1.0.0 build
> react-scripts build

node.exe : (node:9416) [DEP0176] DeprecationWarning: fs.F_OK is deprecated, use fs.constants.F_OK instead
At line:1 char:1
+ & "C:\Program Files\nodejs/node.exe" "C:\Program Files\nodejs/node_mo ...
+ ~~~~~~~~~~~~~~~~~~~~~~~~~~~~~~~~~~~~~~~~~~~~~~~~~~~~~~~~~~~~~~~~~~~~~
    + CategoryInfo          : NotSpecified: ((node:9416) [DE...ts.F_OK instead:String) [], RemoteException
    + FullyQualifiedErrorId : NativeCommandError
 
(Use `node --trace-deprecation ...` to show where the warning was created)
Creating an optimized production build...
Compiled with warnings.

Failed to parse source map from 'C:\Users\hsdee\Downloads\QR-Attendance\QR-Attendance\client\node_modules\src\camera\core-impl.ts' file: Error: ENOENT: no such file or directory, open 'C:\Users\hsdee\Downloads\QR-Attendance\QR-Attendance\client\node_modules\src\camera\core-impl.ts'

Failed to parse source map from 'C:\Users\hsdee\Downloads\QR-Attendance\QR-Attendance\client\node_modules\src\camera\factories.ts' file: Error: ENOENT: no such file or directory, open 'C:\Users\hsdee\Downloads\QR-Attendance\QR-Attendance\client\node_modules\src\camera\factories.ts'

Failed to parse source map from 'C:\Users\hsdee\Downloads\QR-Attendance\QR-Attendance\client\node_modules\src\camera\permissions.ts' file: Error: ENOENT: no such file or directory, open 'C:\Users\hsdee\Downloads\QR-Attendance\QR-Attendance\client\node_modules\src\camera\permissions.ts'

Failed to parse source map from 'C:\Users\hsdee\Downloads\QR-Attendance\QR-Attendance\client\node_modules\src\camera\retriever.ts' file: Error: ENOENT: no such file or directory, open 'C:\Users\hsdee\Downloads\QR-Attendance\QR-Attendance\client\node_modules\src\camera\retriever.ts'

Failed to parse source map from 'C:\Users\hsdee\Downloads\QR-Attendance\QR-Attendance\client\node_modules\src\code-decoder.ts' file: Error: ENOENT: no such file or directory, open 'C:\Users\hsdee\Downloads\QR-Attendance\QR-Attendance\client\node_modules\src\code-decoder.ts'

Failed to parse source map from 'C:\Users\hsdee\Downloads\QR-Attendance\QR-Attendance\client\node_modules\src\core.ts' file: Error: ENOENT: no such file or directory, open 'C:\Users\hsdee\Downloads\QR-Attendance\QR-Attendance\client\node_modules\src\core.ts'

Failed to parse source map from 'C:\Users\hsdee\Downloads\QR-Attendance\QR-Attendance\client\node_modules\src\html5-qrcode-scanner.ts' file: Error: ENOENT: no such file or directory, open 'C:\Users\hsdee\Downloads\QR-Attendance\QR-Attendance\client\node_modules\src\html5-qrcode-scanner.ts'

Failed to parse source map from 'C:\Users\hsdee\Downloads\QR-Attendance\QR-Attendance\client\node_modules\src\html5-qrcode.ts' file: Error: ENOENT: no such file or directory, open 'C:\Users\hsdee\Downloads\QR-Attendance\QR-Attendance\client\node_modules\src\html5-qrcode.ts'

Failed to parse source map from 'C:\Users\hsdee\Downloads\QR-Attendance\QR-Attendance\client\node_modules\src\image-assets.ts' file: Error: ENOENT: no such file or directory, open 'C:\Users\hsdee\Downloads\QR-Attendance\QR-Attendance\client\node_modules\src\image-assets.ts'

Failed to parse source map from 'C:\Users\hsdee\Downloads\QR-Attendance\QR-Attendance\client\node_modules\src\index.ts' file: Error: ENOENT: no such file or directory, open 'C:\Users\hsdee\Downloads\QR-Attendance\QR-Attendance\client\node_modules\src\index.ts'

Failed to parse source map from 'C:\Users\hsdee\Downloads\QR-Attendance\QR-Attendance\client\node_modules\src\native-bar-code-detector.ts' file: Error: ENOENT: no such file or directory, open 'C:\Users\hsdee\Downloads\QR-Attendance\QR-Attendance\client\node_modules\src\native-bar-code-detector.ts'

Failed to parse source map from 'C:\Users\hsdee\Downloads\QR-Attendance\QR-Attendance\client\node_modules\src\state-manager.ts' file: Error: ENOENT: no such file or directory, open 'C:\Users\hsdee\Downloads\QR-Attendance\QR-Attendance\client\node_modules\src\state-manager.ts'

Failed to parse source map from 'C:\Users\hsdee\Downloads\QR-Attendance\QR-Attendance\client\node_modules\src\storage.ts' file: Error: ENOENT: no such file or directory, open 'C:\Users\hsdee\Downloads\QR-Attendance\QR-Attendance\client\node_modules\src\storage.ts'

Failed to parse source map from 'C:\Users\hsdee\Downloads\QR-Attendance\QR-Attendance\client\node_modules\src\strings.ts' file: Error: ENOENT: no such file or directory, open 'C:\Users\hsdee\Downloads\QR-Attendance\QR-Attendance\client\node_modules\src\strings.ts'

Failed to parse source map from 'C:\Users\hsdee\Downloads\QR-Attendance\QR-Attendance\client\node_modules\src\ui.ts' file: Error: ENOENT: no such file or directory, open 'C:\Users\hsdee\Downloads\QR-Attendance\QR-Attendance\client\node_modules\src\ui.ts'

Failed to parse source map from 'C:\Users\hsdee\Downloads\QR-Attendance\QR-Attendance\client\node_modules\src\ui\scanner\base.ts' file: Error: ENOENT: no such file or directory, open 'C:\Users\hsdee\Downloads\QR-Attendance\QR-Attendance\client\node_modules\src\ui\scanner\base.ts'

Failed to parse source map from 'C:\Users\hsdee\Downloads\QR-Attendance\QR-Attendance\client\node_modules\src\ui\scanner\camera-selection-ui.ts' file: Error: ENOENT: no such file or directory, open 'C:\Users\hsdee\Downloads\QR-Attendance\QR-Attendance\client\node_modules\src\ui\scanner\camera-selection-ui.ts'

Failed to parse source map from 'C:\Users\hsdee\Downloads\QR-Attendance\QR-Attendance\client\node_modules\src\ui\scanner\camera-zoom-ui.ts' file: Error: ENOENT: no such file or directory, open 'C:\Users\hsdee\Downloads\QR-Attendance\QR-Attendance\client\node_modules\src\ui\scanner\camera-zoom-ui.ts'

Failed to parse source map from 'C:\Users\hsdee\Downloads\QR-Attendance\QR-Attendance\client\node_modules\src\ui\scanner\file-selection-ui.ts' file: Error: ENOENT: no such file or directory, open 'C:\Users\hsdee\Downloads\QR-Attendance\QR-Attendance\client\node_modules\src\ui\scanner\file-selection-ui.ts'

Failed to parse source map from 'C:\Users\hsdee\Downloads\QR-Attendance\QR-Attendance\client\node_modules\src\ui\scanner\scan-type-selector.ts' file: Error: ENOENT: no such file or directory, open 'C:\Users\hsdee\Downloads\QR-Attendance\QR-Attendance\client\node_modules\src\ui\scanner\scan-type-selector.ts'

Failed to parse source map from 'C:\Users\hsdee\Downloads\QR-Attendance\QR-Attendance\client\node_modules\src\ui\scanner\torch-button.ts' file: Error: ENOENT: no such file or directory, open 'C:\Users\hsdee\Downloads\QR-Attendance\QR-Attendance\client\node_modules\src\ui\scanner\torch-button.ts'

Failed to parse source map from 'C:\Users\hsdee\Downloads\QR-Attendance\QR-Attendance\client\node_modules\src\utils.ts' file: Error: ENOENT: no such file or directory, open 'C:\Users\hsdee\Downloads\QR-Attendance\QR-Attendance\client\node_modules\src\utils.ts'

Failed to parse source map from 'C:\Users\hsdee\Downloads\QR-Attendance\QR-Attendance\client\node_modules\src\zxing-html5-qrcode-decoder.ts' file: Error: ENOENT: no such file or directory, open 'C:\Users\hsdee\Downloads\QR-Attendance\QR-Attendance\client\node_modules\src\zxing-html5-qrcode-decoder.ts'

Search for the keywords to learn more about each warning.
To ignore, add // eslint-disable-next-line to the line before.

File sizes after gzip:

  642.83 kB  build\static\js\main.d9249412.js
  3.04 kB    build\static\css\main.60e34151.css

The bundle size is significantly larger than recommended.
Consider reducing it with code splitting: https://goo.gl/9VhYWB
You can also analyze the project dependencies: https://goo.gl/LeUzfb

The project was built assuming it is hosted at /.
You can control this with the homepage field in your package.json.

The build folder is ready to be deployed.
You may serve it with a static server:

  npm install -g serve
  serve -s build

Find out more about deployment here:

  https://cra.link/deployment

